// Jest Snapshot v1, https://goo.gl/fbAQLP

exports[`should render expense list filters correctly 1`] = `
<header
  className="expense-filters"
>
  <section>
    <label
      htmlFor="search-term"
    >
      Search: 
    </label>
    <input
      id="search-term"
      onChange={[Function]}
      type="search"
    />
  </section>
  <section>
    <label
      htmlFor="sort-expense"
    >
      Sort By: 
    </label>
    <select
      id="sort-expenses"
      onChange={[Function]}
    >
      <option
        value="byNewest"
      >
        Newest
      </option>
      <option
        value="byOldest"
      >
        Oldest
      </option>
      <option
        value="byAmountDescending"
      >
        Amount descending
      </option>
      <option
        value="byAmountAscending"
      >
        Amount ascending
      </option>
    </select>
    <section
      className="expense-filters__dates"
    >
      <r
        allowSameDay={false}
        className="expense-filters__dates__input"
        customTimeInput={null}
        dateFormat="dd/MM/yyyy"
        dateFormatCalendar="LLLL yyyy"
        disabled={false}
        disabledKeyboardNavigation={false}
        dropdownMode="scroll"
        enableTabLoop={true}
        excludeScrollbar={true}
        focusSelectedMonth={false}
        monthsShown={1}
        nextMonthButtonLabel="Next Month"
        nextYearButtonLabel="Next Year"
        onBlur={[Function]}
        onCalendarClose={[Function]}
        onCalendarOpen={[Function]}
        onChange={[Function]}
        onClickOutside={[Function]}
        onFocus={[Function]}
        onInputClick={[Function]}
        onInputError={[Function]}
        onKeyDown={[Function]}
        onMonthChange={[Function]}
        onSelect={[Function]}
        onYearChange={[Function]}
        preventOpenOnFocus={false}
        previousMonthButtonLabel="Previous Month"
        previousYearButtonLabel="Previous Year"
        readOnly={false}
        renderDayContents={[Function]}
        selectsStart={true}
        shouldCloseOnSelect={true}
        showFourColumnMonthYearPicker={false}
        showFullMonthYearPicker={false}
        showMonthYearPicker={false}
        showPopperArrow={true}
        showPreviousMonths={false}
        showQuarterYearPicker={false}
        showTimeInput={false}
        showTimeSelect={false}
        showTwoColumnMonthYearPicker={false}
        showYearPicker={false}
        strictParsing={false}
        timeCaption="Time"
        timeInputLabel="Time"
        timeIntervals={30}
        withPortal={false}
        yearItemNumber={12}
      />
      <r
        allowSameDay={false}
        className="expense-filters__dates__input"
        customTimeInput={null}
        dateFormat="dd/MM/yyyy"
        dateFormatCalendar="LLLL yyyy"
        disabled={false}
        disabledKeyboardNavigation={false}
        dropdownMode="scroll"
        enableTabLoop={true}
        excludeScrollbar={true}
        focusSelectedMonth={false}
        monthsShown={1}
        nextMonthButtonLabel="Next Month"
        nextYearButtonLabel="Next Year"
        onBlur={[Function]}
        onCalendarClose={[Function]}
        onCalendarOpen={[Function]}
        onChange={[Function]}
        onClickOutside={[Function]}
        onFocus={[Function]}
        onInputClick={[Function]}
        onInputError={[Function]}
        onKeyDown={[Function]}
        onMonthChange={[Function]}
        onSelect={[Function]}
        onYearChange={[Function]}
        preventOpenOnFocus={false}
        previousMonthButtonLabel="Previous Month"
        previousYearButtonLabel="Previous Year"
        readOnly={false}
        renderDayContents={[Function]}
        selectsEnd={true}
        shouldCloseOnSelect={true}
        showFourColumnMonthYearPicker={false}
        showFullMonthYearPicker={false}
        showMonthYearPicker={false}
        showPopperArrow={true}
        showPreviousMonths={false}
        showQuarterYearPicker={false}
        showTimeInput={false}
        showTimeSelect={false}
        showTwoColumnMonthYearPicker={false}
        showYearPicker={false}
        strictParsing={false}
        timeCaption="Time"
        timeInputLabel="Time"
        timeIntervals={30}
        withPortal={false}
        yearItemNumber={12}
      />
    </section>
  </section>
</header>
`;

exports[`should render expense list filters with alt data correctly 1`] = `
<header
  className="expense-filters"
>
  <section>
    <label
      htmlFor="search-term"
    >
      Search: 
    </label>
    <input
      id="search-term"
      onChange={[Function]}
      type="search"
    />
  </section>
  <section>
    <label
      htmlFor="sort-expense"
    >
      Sort By: 
    </label>
    <select
      id="sort-expenses"
      onChange={[Function]}
    >
      <option
        value="byNewest"
      >
        Newest
      </option>
      <option
        value="byOldest"
      >
        Oldest
      </option>
      <option
        value="byAmountDescending"
      >
        Amount descending
      </option>
      <option
        value="byAmountAscending"
      >
        Amount ascending
      </option>
    </select>
    <section
      className="expense-filters__dates"
    >
      <r
        allowSameDay={false}
        className="expense-filters__dates__input"
        customTimeInput={null}
        dateFormat="dd/MM/yyyy"
        dateFormatCalendar="LLLL yyyy"
        disabled={false}
        disabledKeyboardNavigation={false}
        dropdownMode="scroll"
        enableTabLoop={true}
        excludeScrollbar={true}
        focusSelectedMonth={false}
        monthsShown={1}
        nextMonthButtonLabel="Next Month"
        nextYearButtonLabel="Next Year"
        onBlur={[Function]}
        onCalendarClose={[Function]}
        onCalendarOpen={[Function]}
        onChange={[Function]}
        onClickOutside={[Function]}
        onFocus={[Function]}
        onInputClick={[Function]}
        onInputError={[Function]}
        onKeyDown={[Function]}
        onMonthChange={[Function]}
        onSelect={[Function]}
        onYearChange={[Function]}
        preventOpenOnFocus={false}
        previousMonthButtonLabel="Previous Month"
        previousYearButtonLabel="Previous Year"
        readOnly={false}
        renderDayContents={[Function]}
        selectsStart={true}
        shouldCloseOnSelect={true}
        showFourColumnMonthYearPicker={false}
        showFullMonthYearPicker={false}
        showMonthYearPicker={false}
        showPopperArrow={true}
        showPreviousMonths={false}
        showQuarterYearPicker={false}
        showTimeInput={false}
        showTimeSelect={false}
        showTwoColumnMonthYearPicker={false}
        showYearPicker={false}
        strictParsing={false}
        timeCaption="Time"
        timeInputLabel="Time"
        timeIntervals={30}
        withPortal={false}
        yearItemNumber={12}
      />
      <r
        allowSameDay={false}
        className="expense-filters__dates__input"
        customTimeInput={null}
        dateFormat="dd/MM/yyyy"
        dateFormatCalendar="LLLL yyyy"
        disabled={false}
        disabledKeyboardNavigation={false}
        dropdownMode="scroll"
        enableTabLoop={true}
        excludeScrollbar={true}
        focusSelectedMonth={false}
        monthsShown={1}
        nextMonthButtonLabel="Next Month"
        nextYearButtonLabel="Next Year"
        onBlur={[Function]}
        onCalendarClose={[Function]}
        onCalendarOpen={[Function]}
        onChange={[Function]}
        onClickOutside={[Function]}
        onFocus={[Function]}
        onInputClick={[Function]}
        onInputError={[Function]}
        onKeyDown={[Function]}
        onMonthChange={[Function]}
        onSelect={[Function]}
        onYearChange={[Function]}
        preventOpenOnFocus={false}
        previousMonthButtonLabel="Previous Month"
        previousYearButtonLabel="Previous Year"
        readOnly={false}
        renderDayContents={[Function]}
        selectsEnd={true}
        shouldCloseOnSelect={true}
        showFourColumnMonthYearPicker={false}
        showFullMonthYearPicker={false}
        showMonthYearPicker={false}
        showPopperArrow={true}
        showPreviousMonths={false}
        showQuarterYearPicker={false}
        showTimeInput={false}
        showTimeSelect={false}
        showTwoColumnMonthYearPicker={false}
        showYearPicker={false}
        strictParsing={false}
        timeCaption="Time"
        timeInputLabel="Time"
        timeIntervals={30}
        withPortal={false}
        yearItemNumber={12}
      />
    </section>
  </section>
</header>
`;
