// Jest Snapshot v1, https://goo.gl/fbAQLP

exports[`should render Header correctly 1`] = `
<header
  className="page-header"
>
  <h1
    className="page-header__title"
  >
    Budgie
  </h1>
  <nav
    className="page-header__nav"
  >
    <NavLink
      activeClassName="page-header__nav__link--active"
      className="page-header__nav__link"
      exact={true}
      to="/"
    >
      Dashboard
    </NavLink>
    <NavLink
      activeClassName="page-header__nav__link--active"
      className="page-header__nav__link"
      to="/create"
    >
      Create
    </NavLink>
    <NavLink
      activeClassName="page-header__nav__link--active"
      className="page-header__nav__link"
      to="/help"
    >
      Help
    </NavLink>
  </nav>
</header>
`;
